#-----------------------------------------------------------
# Vivado v2023.2.1 (64-bit)
# SW Build 4081461 on Thu Dec 14 12:22:04 MST 2023
# IP Build 4080415 on Thu Dec 14 21:01:57 MST 2023
# SharedData Build 4077621 on Mon Dec 11 00:23:44 MST 2023
# Start of session at: Thu Apr 11 17:50:11 2024
# Process ID: 8943
# Current directory: /home/remi/Documents/Etudes/S8/Embedded System Design/I2SCODEC
# Command line: vivado
# Log file: /home/remi/Documents/Etudes/S8/Embedded System Design/I2SCODEC/vivado.log
# Journal file: /home/remi/Documents/Etudes/S8/Embedded System Design/I2SCODEC/vivado.jou
# Running On: remi-HP-ENVY-x360-Convertible-15-ds0xxx, OS: Linux, CPU Frequency: 1447.606 MHz, CPU Physical cores: 8, Host memory: 14509 MB
#-----------------------------------------------------------
start_gui
open_project {/home/remi/Documents/Etudes/S8/Embedded System Design/I2SCODEC/AudioCodecDemo.xpr}
create_fileset -simset i2s_layer_sim
file mkdir /home/remi/Documents/Etudes/S8/Embedded System Design/I2SCODEC/AudioCodecDemo.srcs/i2s_layer_sim/new
file mkdir /home/remi/Documents/Etudes/S8/Embedded System Design/I2SCODEC/AudioCodecDemo.srcs/i2s_layer_sim/new
file mkdir /home/remi/Documents/Etudes/S8/Embedded System Design/I2SCODEC/AudioCodecDemo.srcs/i2s_layer_sim/new
file mkdir /home/remi/Documents/Etudes/S8/Embedded System Design/I2SCODEC/AudioCodecDemo.srcs/i2s_layer_sim/new
file mkdir /home/remi/Documents/Etudes/S8/Embedded System Design/I2SCODEC/AudioCodecDemo.srcs/i2s_layer_sim/new
set_property SOURCE_SET sources_1 [get_filesets i2s_layer_sim]
file mkdir /home/remi/Documents/Etudes/S8/Embedded System Design/I2SCODEC/AudioCodecDemo.srcs/i2s_layer_sim/new
file mkdir {/home/remi/Documents/Etudes/S8/Embedded System Design/I2SCODEC/AudioCodecDemo.srcs/i2s_layer_sim/new}
close [ open {/home/remi/Documents/Etudes/S8/Embedded System Design/I2SCODEC/AudioCodecDemo.srcs/i2s_layer_sim/new/i2s_layer_tb.vhd} w ]
add_files -fileset i2s_layer_sim {{/home/remi/Documents/Etudes/S8/Embedded System Design/I2SCODEC/AudioCodecDemo.srcs/i2s_layer_sim/new/i2s_layer_tb.vhd}}
# Disabling source management mode.  This is to allow the top design properties to be set without GUI intervention.
set_property source_mgmt_mode None [current_project]
set_property top i2s_layer_tb [get_filesets i2s_layer_sim]
set_property top_lib xil_defaultlib [get_filesets i2s_layer_sim]
# Re-enabling previously disabled source management mode.
set_property source_mgmt_mode DisplayOnly [current_project]
launch_simulation -simset [get_filesets i2s_layer_sim ]
source i2s_layer_tb.tcl
restart
run 200 us
close_sim
launch_simulation -simset [get_filesets i2s_layer_sim ]
launch_simulation -simset [get_filesets i2s_layer_sim ]
source i2s_layer_tb.tcl
restart
run 200 us
relaunch_sim
set_property SOURCE_SET sources_1 [get_filesets i2s_layer_sim]
import_files -fileset i2s_layer_sim -norecurse {{/home/remi/Documents/Etudes/S8/Embedded System Design/I2SCODEC/AudioCodecDemo.srcs/i2s_transmitter_sim/imports/new/clockSim.vhd}}
relaunch_sim
relaunch_sim
restart
run 200 us
launch_simulation -simset [get_filesets i2s_transmitter_sim ]
launch_simulation -simset [get_filesets i2s_transmitter_sim ]
source i2s_transmitter_tb.tcl
restart
run 200 us
current_sim simulation_2
relaunch_sim
restart
run 200 us
relaunch_sim
restart
run 200 us
restart
run 200 us
relaunch_sim
restart
run 400 us
relaunch_sim
restart
run 400 us
close_sim
close_sim
launch_simulation -simset [get_filesets i2s_layer_sim ]
launch_simulation -simset [get_filesets i2s_layer_sim ]
source i2s_layer_tb.tcl
restart
run all
restart
run 400 us
restart
run 400 us
restart
run 400 us
restart
run 400 us
restart
run 400 us
close_sim
launch_simulation -simset [get_filesets i2s_layer_sim ]
source i2s_layer_tb.tcl
restart
run 400 us
restart
run 400 us
relaunch_sim
restart
run 400 us
restart
run 140 us
close_sim
