#-----------------------------------------------------------
# Vivado v2023.2.1 (64-bit)
# SW Build 4081461 on Thu Dec 14 12:22:04 MST 2023
# IP Build 4080415 on Thu Dec 14 21:01:57 MST 2023
# SharedData Build 4077621 on Mon Dec 11 00:23:44 MST 2023
# Start of session at: Wed Apr 17 08:31:05 2024
# Process ID: 5631
# Current directory: /home/remi/Documents/Etudes/S8/Embedded System Design/I2SCODEC
# Command line: vivado
# Log file: /home/remi/Documents/Etudes/S8/Embedded System Design/I2SCODEC/vivado.log
# Journal file: /home/remi/Documents/Etudes/S8/Embedded System Design/I2SCODEC/vivado.jou
# Running On: remi-HP-ENVY-x360-Convertible-15-ds0xxx, OS: Linux, CPU Frequency: 2391.113 MHz, CPU Physical cores: 8, Host memory: 14509 MB
#-----------------------------------------------------------
start_gui
open_project {/home/remi/Documents/Etudes/S8/Embedded System Design/I2SCODEC/AudioCodecDemo.xpr}
launch_simulation -simset [get_filesets topsim ]
source top_tb.tcl
restart
run 3 ms
# Disabling source management mode.  This is to allow the top design properties to be set without GUI intervention.
set_property source_mgmt_mode None [current_project]
set_property top FIR_tb [get_filesets sim_FIR]
set_property top_lib xil_defaultlib [get_filesets sim_FIR]
# Re-enabling previously disabled source management mode.
set_property source_mgmt_mode DisplayOnly [current_project]
launch_simulation -simset [get_filesets sim_FIR ]
source FIR_tb.tcl
restart
run 3 ms
restart
run 3 ms
current_sim simulation_1
close_sim
launch_simulation -simset [get_filesets topsim ]
relaunch_sim
launch_simulation -simset [get_filesets topsim ]
source top_tb.tcl
restart
run 3 ms
relaunch_sim
restart
run 3 ms
relaunch_sim
restart
run 3 ms
relaunch_sim
restart
run 3 ms
restart
run 3 ms
relaunch_sim
restart
run 3 ms
restart
run 3 ms
relaunch_sim
relaunch_sim
restart
run 3 ms
relaunch_sim
relaunch_sim
restart
run 3 ms
restart
run 3 ms
restart
run 3 ms
relaunch_sim
restart
run 3 ms
relaunch_sim
relaunch_sim
restart
run 3 ms
relaunch_sim
restart
run 3 ms
relaunch_sim
restart
run 3 ms
relaunch_sim
restart
run 3 ms
relaunch_sim
restart
run 3 ms
